==13192== Memcheck, a memory error detector
==13192== Copyright (C) 2002-2017, and GNU GPL'd, by Julian Seward et al.
==13192== Using Valgrind-3.15.0 and LibVEX; rerun with -h for copyright info
==13192== Command: ./tests/modules/structs/dynamic/linked-list/test-linked-list
==13192== 
==13192== 
==13192== HEAP SUMMARY:
==13192==     in use at exit: 4,128 bytes in 258 blocks
==13192==   total heap usage: 280 allocs, 22 frees, 25,904 bytes allocated
==13192== 
==13192== LEAK SUMMARY:
==13192==    definitely lost: 0 bytes in 0 blocks
==13192==    indirectly lost: 0 bytes in 0 blocks
==13192==      possibly lost: 0 bytes in 0 blocks
==13192==    still reachable: 4,128 bytes in 258 blocks
==13192==         suppressed: 0 bytes in 0 blocks
==13192== Rerun with --leak-check=full to see details of leaked memory
==13192== 
==13192== For lists of detected and suppressed errors, rerun with: -s
==13192== ERROR SUMMARY: 0 errors from 0 contexts (suppressed: 0 from 0)
